GAMS 46.1.0  0f6c6ca6 Feb 17, 2024          WEX-WEI x86 64bit/MS Windows - 06/28/24 17:20:07 Page 1
G e n e r a l   A l g e b r a i c   M o d e l i n g   S y s t e m
C o m p i l a t i o n


      Tittle: Final Project Adv.PSE (CONFIGURATION A - Approach 1)
      Prepared by: M.Ahmadian & M.sohrabi
   5   
   6  *****************************Set***************************************************************************************************************
   7  set
   8  *================sets of 5 chosen components==============*
   9  *====================Components     number================*
  10  *====================Dichloromethane(1)===================*
  11  *====================FC72           (2)===================*
  12  *====================Methanol       (3)===================*
  13  *====================n-heptane      (4)===================*
  14  *====================R113           (5)===================*
  15  component/1*5/
  16  *================sets of properties=======================*
  17  *====================properties     number================*
  18  *====================Tc(K)         (1)===================*
  19  *====================Pc(bar)        (2)===================*
  20  *====================Acentric factor(3)===================*
  21  *====================MW(kg/kmol)    (4)===================*
  22  *====================density(Kg/m3) (5)===================*
  23  *====================H formation    (6)===================*
  24  *====================H vaporization (7)===================*
  25  *====================Tb@1bar        (8)===================*
  26  propertie/1*8/
  27  *================Hpig coefficient=========================*
  28  *====================coefficient    number================*
  29  *====================a              (1)===================*
  30  *====================b              (2)===================*
  31  *====================c              (3)===================*
  32  *====================d              (4)===================*
  33  *====================e              (5)===================*
  34  *====================f              (6)===================*
  35  coefficient/1*6/;
  36  *---------------------------------------------------------------------------------------------------------------------------------------------*
  37   
  38  **************************Parameters***********************************************************************************************************
  39  Parameters
  40  *==================Fixed process condition====================================================================================================*
  41      Cpw            'Heat Capacity of Water'/4.675/
  42      m_waste        'waste water flow'      /100/
  43      Tin_waste      'inlet water temp'      /170/
  44      Tout_waste     'outlet water temp'     /70/
  45      turbine_eff    'tubine efficiency'     /0.8/
  46      eff_pump       'pump efficiency'       /0.75/
  47      eff_elec_motor 'Generator efficiency'  /0.95/
  48  *=========================Universal===========================================================================================================*
  49      R              'Gas Constant'          /8.314/
  50  *=============================================================================================================================================*
  51      rho                                    /100000/
  52      big_M          'Big-M'                 /500000/
  53  ;
  54   
  55  *=====================Characteristics of Components===========================================================================================*
  56  table prop(component,propertie)
  57           1          2        3          4        5         6          7          8
  58      1    509.95     60.7     0.199      84.93    1310      -95457     30.6       313
  59      2    448.85     16.6     0.5139     338.04   1501      -2965210   32.5       329
  60      3    512.5      82.15    0.557      32       781.4     -201290    37.6       337.69
  61      4    540.15     27.3     0.34979    100.2    673.4     -187890    36.57      371
  62      5    486.15     33.8     0.245      187.38   1552      -737660    28.4       320
  63  ;
  64   
  65  *=====================Hpig Coeff Table Import from Excel======================================================================================*
  66  parameter coeff(component,coefficient);
GDXIN   E:\Courses\Adv.Process\project\upload\GAMS code\Config_A\Approach 1\coefficients.gdx
--- LOAD  coeff = 1:coeff
  70  *---------------------------------------------------------------------------------------------------------------------------------------------*
  71   
  72  *******************************Variable********************************************************************************************************
  73  positive Variables
  74      MW,w,hvap,Tc,Pc,density,
  75      w_pump,w_turbine,
  76      deltah_pump,
  77      molar_flow,steam_quality,
  78      P1,P2,P3,
  79      T1,T2,T4,Tb,
  80      sL_1,sV_1,L_1,V_1,
  81      sL_2,sV_2,L_2,V_2
  82      ;
  83   
  84  Variables
  85      H1ideal,H1,h1res,a1_1,a2_1,a3_1,zv_1,beta_1,zl_1,cap_a_1,cap_b_1,Tr_1,alpha_1,a_1,phi_vap_1,phi_liq_1
  86      H4ideal,H4,h4res,a1_4,a2_4,a3_4,zl_4,cap_a_4,cap_b_4,Tr_4,alpha_4,a_4
  87      H2ideal,H2,h_vap2res,h_liq2res,a1_2,a2_2,a3_2,zv_2,cap_a_2,cap_b_2,Tr_2,alpha_2,a_2,beta_2,zl_2,phi_vap_2,phi_liq_2
  88      Hideal298,a,b,c,d,e,f,hform,w_net,m,b_uni
  89      ;
  90   
  91  binary variable
  92      y
  93      ;
  94   
  95  *----------------------------------------------------------------------------------------------------------------------------------------------*
  96   
  97  *********************************macro**********************************************************************************************************
  98  $macro hideal(a,b,c,d,e,f,T)    a + b*T + C*T**2 + D*T**3 + E*T**4 + F*T**5
  99  *----------------------------------------------------------------------------------------------------------------------------------------------*
 100   
 101  *******************************Equation*********************************************************************************************************
 102  Equations
 103      obj_func,e1,e2,e3,e4,e5,e6,e7,e8,e9,e10,e11,e12,e13,e14,e15,e16,e17,e18,e19,e20,e21,e22,e23,e24,e25,e26,e27,e28,
 104      e29,e30,e31,e32,e33,e34,e35,e36,e37,e38,e39,e40,e41,e42,e43,e44,e45,e46,e47,e48,e49,e50,e51,e52,e53,e54,e55,e56,
 105      e57,e58,e59,e60,e61,e62,e63,e64,e65,e66,e67,e68,e69,e70,e71,e72,e73,e74,e75,e76,e77,e78,e79,e80,e81,e82,e83,e84
 106  ;
 107   
 108  *================================Objective Function============================================================================================*
 109  obj_func..  w_net =e= -rho*(V_2*sV_2 + L_2*sL_2)+ W_turbine * eff_elec_motor - w_pump;
 110   
 111  *================================Enthalpy  stream 1====================================================================================================*
 112  e1..    h1 =e= h1ideal * MW + hform  + h1res;
 113  e2..    h1ideal =e= a + b*T1 + c*T1**2 + d*T1**3 + e*T1**4 + f*T1**5- hideal298;
 114  e3..    hideal298 =e=  a + b*298.15 + c*298.15**2 + d*298.15**3 + e*298.15**4 + f*298.15**5;
 115  e4..    h1res =e= R*T1*( (zV_1-1) -(cap_a_1/((cap_b_1*2.8284)+0.001))*(1+m*sqrt(Tr_1)/sqrt(alpha_1+0.001))*log((zV_1+(2.414*cap_b_1))/(zV_1+(-0.414*cap_b_1))));
 116   
 117  *================================Peng Robinson Thermodynamic model for stream 1=============================================================================*
 118  e5..    Tr_1 =e= T1 / (Tc + 0.01);
 119  e6..    alpha_1 =e= (1 + m * (1 - sqrt(Tr_1)))**2;
 120  e7..    m =e= 0.37464 + 1.54226 * w - 0.26992 * w**2;
 121  e8..    a_1 =e= (0.457235 * ((R**2) * (Tc)**2) / (Pc + 0.001)) * alpha_1;
 122  e9..    b_uni =e= 0.077796 * R * Tc / (Pc + 0.001);
 123  e10..   cap_a_1 =e= a_1 * P1/ ((R * T1)**2);
 124  e11..   cap_b_1 =e= b_uni * P1 / (R * T1);
 125   
 126  *================================Kamath Method for stream 1===============================================================================================*
 127  e12..   power(zl_1, 3) + a1_1 * power(zl_1, 2) + a2_1 * zl_1 + a3_1 =e= 0;
 128  e13..   3 * power(zl_1, 2) + 2 * a1_1 * zl_1 + a2_1 =g= 0;
 129  e14..   6 * zl_1 + 2 * a1_1 =l= big_M*sL_1;
 130   
 131  e15..   power(zv_1, 3) + a1_1 * power(zv_1, 2) + a2_1 * zv_1 + a3_1 =e= 0;
 132  e16..   3 * power(zv_1, 2) + 2 * a1_1 * zv_1 + a2_1 =g= 0;
 133  e17..   6 * zv_1 + 2 * a1_1 =g= -big_M*sV_1;
 134   
 135  e18..   a1_1 =e= -(1 - cap_b_1);
 136  e19..   a2_1 =e= (cap_a_1 - 2 * cap_b_1 - 3 * cap_b_1**2);
 137  e20..   a3_1 =e= -(cap_a_1 * cap_b_1 - cap_b_1**2 - cap_b_1**3);
 138   
 139  e21..   L_1 + V_1 =e= 1;
 140  e22..   1 + Sv_1 =g= Beta_1;
 141  e23..   1 - Sl_1 =l= Beta_1;
 142   
 143  e24..   phi_vap_1 =e= exp((zv_1-1)-log(zv_1-cap_b_1)+(cap_a_1/(2*sqrt(2)*cap_b_1))*log((zv_1+(1-sqrt(2))*cap_b_1)/(zv_1+(1+sqrt(2))*cap_b_1)));
 144  e25..   phi_liq_1 =e= exp((zl_1-1)-log(zl_1-cap_b_1)+(cap_a_1/(2*sqrt(2)*cap_b_1))*log((zl_1+(1-sqrt(2))*cap_b_1)/(zl_1+(1+sqrt(2))*cap_b_1)));
 145  e26..   phi_liq_1 =e= phi_vap_1;
 146   
 147  *================================Enthalpy stream 4====================================================================================================*
 148  e27..   h4 =e= h4ideal * MW + hform  + h4res + hvap;
 149  e28..   h4ideal =e= a + b*T4 + c*T4**2 + d*T4**3 + e*T4**4 + f*T4**5- hideal298;
 150  e29..   h4res =e= R*T4*( (zl_4-1) -(cap_a_4/((cap_b_4*2.8284)+0.001))*(1+m*sqrt(Tr_4)/sqrt(alpha_4+0.001))*log((zl_4+(2.414*cap_b_4))/(zl_4+(-0.414*cap_b_4))));
 151   
 152  *================================Kamath Method for stream 4===============================================================================================*
 153  e30..   Tr_4 =e= T4 / (Tc + 0.01);
 154  e31..   alpha_4 =e= (1 + m * (1 - sqrt(Tr_4)))**2;
 155  e32..   a_4 =e= (0.457235 * ((R**2) * (Tc)**2) / (Pc + 0.001)) * alpha_4;
 156  e33..   cap_a_4 =e= a_4 * P1/ ((R * T4)**2);
 157  e34..   cap_b_4 =e= b_uni * P1 / (R * T4);
 158   
 159  e35..   a1_4 =e= -(1 - cap_b_4);
 160  e36..   a2_4 =e= (cap_a_4 - 2 * cap_b_4 - 3 * cap_b_4**2);
 161  e37..   a3_4 =e= -(cap_a_4 * cap_b_4 - cap_b_4**2 - cap_b_4**3);
 162   
 163  e38..   power(zl_4, 3) + a1_4 * power(zl_4, 2) + a2_4 * zl_4 + a3_4 =e= 0;
 164  e39..   3 * power(zl_4, 2) + 2 * a1_4 * zl_4 + a2_4 =g= 0;
 165  e40..   6 * zl_4 + 2 * a1_4 =l= 0;
 166   
 167  *================================Pump and Turbine Equation=====================================================================================*
 168  e41..   T4 =E= Tb + 1;
 169  e42..   molar_flow * (H1 - H4) =e= m_waste * Cpw * (Tin_waste - Tout_waste - 5);
 170   
 171  e43..   deltah_pump =e= (P1*100 - P3*100) * (molar_flow * mw) / (density + 0.001);
 172  e44..   w_pump =e= deltah_pump / eff_pump;
 173   
 174  e45..   w_turbine =e= molar_flow  *  (H1 - H2);
 175   
 176  *================================Enthalpy 2====================================================================================================*
 177  e46..   h2 =e= steam_quality*(h2ideal * MW + hform  + h_vap2res)+(1 - steam_quality)*(h2ideal * MW + hform  + hvap + h_liq2res);
 178  e47..   h2ideal =e= a + b*T2 + c*T2**2 + d*T2**3 + e*T2**4 + f*T2**5- hideal298;
 179  e48..   h_vap2res =e= R*T2*( (zV_2-1) -(cap_a_2/((cap_b_2*2.8284)))*(1+m*sqrt(Tr_2)/sqrt(alpha_2+0.01))*log((zV_2+(2.414*cap_b_2))/(zV_2+(-0.414*cap_b_2))));
 180  e49..   h_liq2res =e= R*T2*( (zl_2-1) -(cap_a_2/((cap_b_2*2.8284)))*(1+m*sqrt(Tr_2)/sqrt(alpha_2+0.01))*log((zl_2+(2.414*cap_b_2))/(zl_2+(-0.414*cap_b_2))));
 181   
 182  *================================Kamath Method 2===============================================================================================*
 183  e50..   Tr_2 =e= T2 / (Tc + 0.01);
 184  e51..   alpha_2 =e= (1 + m * (1 - sqrt(Tr_2)))**2;
 185  e52..   a_2 =e= (0.457235 * ((R**2) * (Tc)**2) / (Pc + 0.001)) * alpha_2;
 186  e53..   cap_a_2 =e= a_2 * P2/ ((R * T2)**2);
 187  e54..   cap_b_2 =e= b_uni * P2 / (R * T2);
 188   
 189  e55..   a1_2 =e= -(1 - cap_b_2);
 190  e56..   a2_2 =e= (cap_a_2 - 2 * cap_b_2 - 3 * cap_b_2**2);
 191  e57..   a3_2 =e= -(cap_a_2 * cap_b_2 - cap_b_2**2 - cap_b_2**3);
 192   
 193  e58..   power(zV_2, 3) + a1_2 * power(zV_2, 2) + a2_2 * zV_2 + a3_2 =e= 0;
 194  e59..   3 * power(zV_2, 2) + 2 * a1_2 * zV_2 + a2_2 =g= 0;
 195  e60..   6 * zV_2 + 2 * a1_2 =g= -big_M*sV_2;
 196   
 197  e61..   power(zl_2, 3) + a1_2 * power(zl_2, 2) + a2_2 * zl_2 + a3_2 =e= 0;
 198  e62..   3 * power(zl_2, 2) + 2 * a1_2 * zl_2 + a2_2 =g= 0;
 199  e63..   6 * zl_2 + 2 * a1_2 =l= big_M*sL_2;
 200   
 201  e64..   L_2 + V_2 =e= 1;
 202  e65..   1 + Sv_2 =g= Beta_2;
 203  e66..   1 - Sl_2 =l= Beta_2;
 204   
 205  e67..   phi_vap_2 =e= exp((zv_2-1)-log(zv_2-cap_b_2)+(cap_a_2/(2*sqrt(2)*cap_b_2))*log((zv_2+(1-sqrt(2))*cap_b_2)/(zv_2+(1+sqrt(2))*cap_b_2)));
 206  e68..   phi_liq_2 =e= exp((zl_2-1)-log(zl_2-cap_b_2)+(cap_a_2/(2*sqrt(2)*cap_b_2))*log((zl_2+(1-sqrt(2))*cap_b_2)/(zl_2+(1+sqrt(2))*cap_b_2)));
 207  e69..   phi_liq_2 =e= phi_vap_2;
 208   
 209  *================================Component Selection============================================================================================*
 210  e70..   sum(component, y(component)) =e= 1;
 211  e71..   sum(component, y(component)*coeff(component,'1')) =e= a;
 212  e72..   sum(component, y(component)*coeff(component,'2')) =e= b;
 213  e73..   sum(component, y(component)*coeff(component,'3')) =e= c;
 214  e74..   sum(component, y(component)*coeff(component,'4')) =e= d;
 215  e75..   sum(component, y(component)*coeff(component,'5')) =e= e;
 216  e76..   sum(component, y(component)*coeff(component,'6')) =e= f;
 217  e77..   sum(component, y(component)*prop(component,'4'))  =e= MW;
 218  e78..   sum(component, y(component)*prop(component,'6'))  =e= hform;
 219  e79..   sum(component, y(component)*prop(component,'7'))  =e= hvap;
 220  e80..   sum(component, y(component)*prop(component,'3'))  =e= w;
 221  e81..   sum(component, y(component)*prop(component,'1'))  =e= Tc;
 222  e82..   sum(component, y(component)*prop(component,'2'))  =e= Pc;
 223  e83..   sum(component, y(component)*prop(component,'5'))  =e= density;
 224  e84..   sum(component, y(component)*prop(component,'8'))  =e= Tb;
 225   
 226  *================================Bounds and Initial values======================================================================================*
 227                          y.l('1') =1;
 228  cap_a_1.l = 0.001;      cap_a_2.l = 0.026;     cap_a_4.l = 0.001;
 229  cap_b_1.l = 0.0281;     cap_b_2.l = 0.002;     cap_b_4.l = 0.0281;
 230  Zl_1.l = 0.05;          Zl_2.l = 0.01;         Zl_4.l = 0.05;
 231  Zv_1.l = 0.9;           Zv_2.l = 0.97;
 232  P1.l = 13;
 233  T2.l = 300;             T4.l = 300;
 234   
 235  P1.lo = 5;              P1.up = 25;
 236  steam_quality.lo = 0.9; steam_quality.up = 1;
 237   
 238  *================================Fixed values===================================================================================================*
 239  P2.fx=1;         P3.fx = 1;
 240  T1.fx = 438.15;
 241   
 242  *************************************************************************************************************************************************
 243  model config_A /all/;
 244  *************************************************************************************************************************************************
 245  config_A.scaleopt = 1;
 246  *************************************************************************************************************************************************
 247  option iterlim = 50000;
 248  *************************************************************************************************************************************************
 249  solve config_A using minlp max w_net;
 250  *************************************************************************************************************************************************
 251   
 252   
 253   
 254   
 255   
 256   
 257   
 258   
 259   
 260   
 261   
 262   
 263   
 264   
 265   
 266   
 267   
GAMS 46.1.0  0f6c6ca6 Feb 17, 2024          WEX-WEI x86 64bit/MS Windows - 06/28/24 17:20:07 Page 2
G e n e r a l   A l g e b r a i c   M o d e l i n g   S y s t e m
Include File Summary


   SEQ   GLOBAL TYPE      PARENT   LOCAL  FILENAME

     1        1 INPUT          0       0  E:\Courses\Adv.Process\project\upload\GAMS code\Config_A\Approach 1\confing_A_app1.gms
     2       67 CALL           1      67  gdxxrw.exe coefficients.xlsx par=coeff rng=sheet1!A1:G6
     3       68 GDXIN          1      68  E:\Courses\Adv.Process\project\upload\GAMS code\Config_A\Approach 1\coefficients.gdx


COMPILATION TIME     =        0.938 SECONDS      3 MB  46.1.0 0f6c6ca6 WEX-WEI
GAMS 46.1.0  0f6c6ca6 Feb 17, 2024          WEX-WEI x86 64bit/MS Windows - 06/28/24 17:20:07 Page 3
G e n e r a l   A l g e b r a i c   M o d e l i n g   S y s t e m
Equation Listing    SOLVE config_A Using MINLP From line 249


---- obj_func  =E=  

obj_func..  w_pump - 0.95*w_turbine + (0)*sL_2 + (0)*sV_2 + (0)*L_2 + (0)*V_2 + w_net =E= 0 ; (LHS = 0)
     

---- e1  =E=  

e1..  (0)*MW + (0)*H1ideal + H1 - h1res - hform =E= 0 ; (LHS = 0)
     

---- e2  =E=  

e2..  (0)*T1 + H1ideal + Hideal298 - a - (438.15)*b - (191975.4225)*c - (84114031.368375)*d - (36854562844.0535)*e - (16147826710122)*f =E= 0 ; (LHS = 0)
     

---- e3  =E=  

e3..  Hideal298 - a - 298.15*b - 88893.4225*c - 26503573.918375*d - 7902040563.76351*e - 2355993394086.09*f =E= 0 ; (LHS = 0)
     

---- e4  =E=  

e4..  (0.840250934397909)*T1 + h1res - (3646.96268255003)*zv_1 + (3878.03690644382)*cap_a_1 - (2.29982543029631)*cap_b_1 + (0)*Tr_1 + (0)*alpha_1 + (0)*m =E= 0 ; (LHS = 368.155946906444, INFES = 368.155946906444 ****)
     

---- e5  =E=  

e5..  (4381500)*Tc - (100)*T1 + Tr_1 =E= 0 ; (LHS = -43815, INFES = 43815 ****)
     

---- e6  =E=  

e6..  (0)*Tr_1 + alpha_1 - (2)*m =E= 0 ; (LHS = -1, INFES = 1 ****)
     

---- e7  =E=  

e7..  - (1.54226)*w + m =E= 0.37464 ; (LHS = 0, INFES = 0.37464 ****)
     

---- e8  =E=  

e8..  (0)*Tc + (0)*Pc + (0)*alpha_1 + a_1 =E= 0 ; (LHS = 0)
     

---- e9  =E=  

e9..  - (646.795944)*Tc + (0)*Pc + b_uni =E= 0 ; (LHS = 0)
     

---- e10  =E=  

e10..  (0)*P1 + (0)*T1 + cap_a_1 - (9.7966519716045E-7)*a_1 =E= 0 ; (LHS = 0.001, INFES = 0.001 ****)
     

---- e11  =E=  

e11..  (0)*P1 + (0)*T1 + cap_b_1 - (0.00356870390521347)*b_uni =E= 0 ; (LHS = 0.0281, INFES = 0.0281 ****)
     

---- e12  =E=  

e12..  (0.0025)*a1_1 + (0.05)*a2_1 + a3_1 + (0.0075)*zl_1 =E= 0 ; (LHS = 0.000125, INFES = 0.000125 ****)
     

---- e13  =G=  

e13..  (0.1)*a1_1 + a2_1 + (0.3)*zl_1 =G= 0 ; (LHS = 0.0075)
     

---- e14  =L=  

e14..  - 500000*sL_1 + 2*a1_1 + 6*zl_1 =L= 0 ; (LHS = 0.3, INFES = 0.3 ****)
     

---- e15  =E=  

e15..  (0.81)*a1_1 + (0.9)*a2_1 + a3_1 + (2.43)*zv_1 =E= 0 ; (LHS = 0.729, INFES = 0.729 ****)
     

---- e16  =G=  

e16..  (1.8)*a1_1 + a2_1 + (5.4)*zv_1 =G= 0 ; (LHS = 2.43)
     

---- e17  =G=  

e17..  500000*sV_1 + 2*a1_1 + 6*zv_1 =G= 0 ; (LHS = 5.4)
     

---- e18  =E=  

e18..  a1_1 - cap_b_1 =E= -1 ; (LHS = -0.0281, INFES = 0.9719 ****)
     

---- e19  =E=  

e19..  a2_1 - cap_a_1 + (2.1686)*cap_b_1 =E= 0 ; (LHS = 0.05756883, INFES = 0.05756883 ****)
     

---- e20  =E=  

e20..  a3_1 + (0.0281)*cap_a_1 - (0.05756883)*cap_b_1 =E= 0 ; (LHS = -0.000783698041, INFES = 0.000783698041 ****)
     

---- e21  =E=  

e21..  L_1 + V_1 =E= 1 ; (LHS = 0, INFES = 1 ****)
     

---- e22  =G=  

e22..  sV_1 - beta_1 =G= -1 ; (LHS = 0)
     

---- e23  =L=  

e23..  - sL_1 - beta_1 =L= -1 ; (LHS = 0, INFES = 1 ****)
     

---- e24  =E=  

e24..  (0.151100671073253)*zv_1 + (1.11765173406274)*cap_a_1 - (1.19012174686212)*cap_b_1 + phi_vap_1 =E= 0 ; (LHS = -1.03665834613165, INFES = 1.03665834613165 ****)
     

---- e25  =E=  

e25..  (773.795617706203)*zl_1 + (245.865785470689)*cap_a_1 - (796.955123239755)*cap_b_1 + phi_liq_1 =E= 0 ; (LHS = -17.4117975870986, INFES = 17.4117975870986 ****)
     

---- e26  =E=  

e26..  - phi_vap_1 + phi_liq_1 =E= 0 ; (LHS = 0)
     

---- e27  =E=  

e27..  (0)*MW - hvap + (0)*H4ideal + H4 - h4res - hform =E= 0 ; (LHS = 0)
     

---- e28  =E=  

e28..  (0)*T4 + H4ideal + Hideal298 - a - (300)*b - (90000)*c - (27000000)*d - (8100000000)*e - (2430000000000)*f =E= 0 ; (LHS = 0)
     

---- e29  =E=  

e29..  (8.01421994920013)*T4 + h4res - (3038.97589855465)*zl_4 + (34775.9847600384)*cap_a_4 - (252.849542422182)*cap_b_4 + (0)*Tr_4 + (0)*alpha_4 + (0)*m =E= 0 ; (LHS = 2404.26598476004, INFES = 2404.26598476004 ****)
     

---- e30  =E=  

e30..  (3000000)*Tc - (100)*T4 + Tr_4 =E= 0 ; (LHS = -30000, INFES = 30000 ****)
     

---- e31  =E=  

e31..  (0)*Tr_4 + alpha_4 - (2)*m =E= 0 ; (LHS = -1, INFES = 1 ****)
     

---- e32  =E=  

e32..  (0)*Tc + (0)*Pc + (0)*alpha_4 + a_4 =E= 0 ; (LHS = 0)
     

---- e33  =E=  

e33..  (0)*P1 + (0)*T4 + cap_a_4 - (2.08968489037137E-6)*a_4 =E= 0 ; (LHS = 0.001, INFES = 0.001 ****)
     

---- e34  =E=  

e34..  (0)*P1 + (0)*T4 + cap_b_4 - (0.00521209205356427)*b_uni =E= 0 ; (LHS = 0.0281, INFES = 0.0281 ****)
     

---- e35  =E=  

e35..  a1_4 - cap_b_4 =E= -1 ; (LHS = -0.0281, INFES = 0.9719 ****)
     

---- e36  =E=  

e36..  a2_4 - cap_a_4 + (2.1686)*cap_b_4 =E= 0 ; (LHS = 0.05756883, INFES = 0.05756883 ****)
     

---- e37  =E=  

e37..  a3_4 + (0.0281)*cap_a_4 - (0.05756883)*cap_b_4 =E= 0 ; (LHS = -0.000783698041, INFES = 0.000783698041 ****)
     

---- e38  =E=  

e38..  (0.0025)*a1_4 + (0.05)*a2_4 + a3_4 + (0.0075)*zl_4 =E= 0 ; (LHS = 0.000125, INFES = 0.000125 ****)
     

---- e39  =G=  

e39..  (0.1)*a1_4 + a2_4 + (0.3)*zl_4 =G= 0 ; (LHS = 0.0075)
     

---- e40  =L=  

e40..  2*a1_4 + 6*zl_4 =L= 0 ; (LHS = 0.3, INFES = 0.3 ****)
     

---- e41  =E=  

e41..  T4 - Tb =E= 1 ; (LHS = 300, INFES = 299 ****)
     

---- e42  =E=  

e42..  (0)*molar_flow + (0)*H1 + (0)*H4 =E= 44412.5 ; (LHS = 0, INFES = 44412.5 ****)
     

---- e43  =E=  

e43..  (0)*MW + (0)*density + deltah_pump + (0)*molar_flow + (0)*P1 + (0)*P3 =E= 0 ; (LHS = 0)
     

---- e44  =E=  

e44..  w_pump - 1.33333333333333*deltah_pump =E= 0 ; (LHS = 0)
     

---- e45  =E=  

e45..  w_turbine + (0)*molar_flow + (0)*H1 + (0)*H2 =E= 0 ; (LHS = 0)
     

---- e46  =E=  

e46..  (0)*MW - (0.1)*hvap + (0)*steam_quality + (0)*H2ideal + H2 - (0.9)*h_vap2res - (0.1)*h_liq2res - (1)*hform =E= 0 ; (LHS = 0)
     

---- e47  =E=  

e47..  (0)*T2 + H2ideal + Hideal298 - a - (300)*b - (90000)*c - (27000000)*d - (8100000000)*e - (2430000000000)*f =E= 0 ; (LHS = 0)
     

---- e48  =E=  

e48..  (0.471780122797751)*T2 + h_vap2res - (2562.83005483249)*zv_2 + (2565.69372458943)*cap_a_2 - (68.4418259036167)*cap_b_2 + (0)*Tr_2 + (0)*alpha_2 + (0)*m =E= 0 ; (LHS = 141.534036839325, INFES = 141.534036839325 ****)
     

---- e49  =E=  

e49..  (26.586989638343)*T2 + h_liq2res + (211801.495827035)*cap_a_2 - (369637.202859779)*cap_b_2 + (0)*Tr_2 + (0)*alpha_2 - (479250.648578335)*zl_2 + (0)*m =E= 0 ; (LHS = 7976.09689150291, INFES = 7976.09689150291 ****)
     

---- e50  =E=  

e50..  (3000000)*Tc - (100)*T2 + Tr_2 =E= 0 ; (LHS = -30000, INFES = 30000 ****)
     

---- e51  =E=  

e51..  (0)*Tr_2 + alpha_2 - (2)*m =E= 0 ; (LHS = -1, INFES = 1 ****)
     

---- e52  =E=  

e52..  (0)*Tc + (0)*Pc + (0)*alpha_2 + a_2 =E= 0 ; (LHS = 0)
     

---- e53  =E=  

e53..  (0)*P2 + (0)*T2 + cap_a_2 - (1.60744991567028E-7)*a_2 =E= 0 ; (LHS = 0.026, INFES = 0.026 ****)
     

---- e54  =E=  

e54..  (0)*P2 + (0)*T2 + cap_b_2 - (0.000400930157966482)*b_uni =E= 0 ; (LHS = 0.002, INFES = 0.002 ****)
     

---- e55  =E=  

e55..  a1_2 - cap_b_2 =E= -1 ; (LHS = -0.002, INFES = 0.998 ****)
     

---- e56  =E=  

e56..  a2_2 - cap_a_2 + (2.012)*cap_b_2 =E= 0 ; (LHS = -0.021988, INFES = 0.021988 ****)
     

---- e57  =E=  

e57..  a3_2 + (0.002)*cap_a_2 + (0.021988)*cap_b_2 =E= 0 ; (LHS = 4.7992E-5, INFES = 4.7992E-5 ****)
     

---- e58  =E=  

e58..  (0.9409)*a1_2 + (0.97)*a2_2 + a3_2 + (2.8227)*zv_2 =E= 0 ; (LHS = 0.912673, INFES = 0.912673 ****)
     

---- e59  =G=  

e59..  (1.94)*a1_2 + a2_2 + (5.82)*zv_2 =G= 0 ; (LHS = 2.8227)
     

---- e60  =G=  

e60..  500000*sV_2 + 2*a1_2 + 6*zv_2 =G= 0 ; (LHS = 5.82)
     

---- e61  =E=  

e61..  (0.0001)*a1_2 + (0.01)*a2_2 + a3_2 + (0.0003)*zl_2 =E= 0 ; (LHS = 1E-6, INFES = 1E-6 ****)
     

---- e62  =G=  

e62..  (0.02)*a1_2 + a2_2 + (0.06)*zl_2 =G= 0 ; (LHS = 0.0003)
     

---- e63  =L=  

e63..  - 500000*sL_2 + 2*a1_2 + 6*zl_2 =L= 0 ; (LHS = 0.06, INFES = 0.06 ****)
     

---- e64  =E=  

e64..  L_2 + V_2 =E= 1 ; (LHS = 0, INFES = 1 ****)
     

---- e65  =G=  

e65..  sV_2 - beta_2 =G= -1 ; (LHS = 0)
     

---- e66  =L=  

e66..  - sL_2 - beta_2 =L= -1 ; (LHS = 0, INFES = 1 ****)
     

---- e67  =E=  

e67..  (0.00540554739528261)*zv_2 + (1.00418517554729)*cap_a_2 - (1.03511923393348)*cap_b_2 + phi_vap_2 =E= 0 ; (LHS = -0.976065235659561, INFES = 0.976065235659561 ****)
     

---- e68  =E=  

e68..  (433.529332107493)*cap_a_2 - (1394.60762949093)*cap_b_2 - (342.905100997465)*zl_2 + phi_liq_2 =E= 0 ; (LHS = -5.10454178367505, INFES = 5.10454178367505 ****)
     

---- e69  =E=  

e69..  - phi_vap_2 + phi_liq_2 =E= 0 ; (LHS = 0)
     

---- e70  =E=  

e70..  y(1) + y(2) + y(3) + y(4) + y(5) =E= 1 ; (LHS = 1)
     

---- e71  =E=  

e71..  - a + 71.41*y(4) =E= 0 ; (LHS = 0)
     

---- e72  =E=  

e72..  - b + 0.15257*y(1) - 0.183909*y(2) + 0.6602*y(3) - 0.0968949*y(4) + 0.326199*y(5) =E= 0 ; (LHS = 0.15257, INFES = 0.15257 ****)
     

---- e73  =E=  

e73..  - c + 0.000956096*y(1) + 0.00195422*y(2) + 0.0011072*y(3) + 0.003473*y(4) + 0.000766879*y(5) =E= 0 ; (LHS = 0.000956096, INFES = 0.000956096 ****)
     

---- e74  =E=  

e74..  - d - 5.11287E-7*y(1) - 1.10357E-6*y(2) + 2.69256E-7*y(3) - 1.3302E-6*y(4) - 4.30466E-7*y(5) =E= 0 ; (LHS = -5.11287E-7, INFES = 5.11287E-7 ****)
     

---- e75  =E=  

e75..  - e + 1.23938E-10*y(1) + 2.33163E-10*y(2) - 2.22606E-10*y(3) + 2.55766E-10*y(4) + 9.21086E-11*y(5) =E= 0 ; (LHS = 1.23938E-10, INFES = 1.23938E-10 ****)
     

---- e76  =E=  

e76..  - f - 1.37726E-14*y(4) =E= 0 ; (LHS = 0)
     

---- e77  =E=  

e77..  - MW + 84.93*y(1) + 338.04*y(2) + 32*y(3) + 100.2*y(4) + 187.38*y(5) =E= 0 ; (LHS = 84.93, INFES = 84.93 ****)
     

---- e78  =E=  

e78..  - hform - 95457*y(1) - 2965210*y(2) - 201290*y(3) - 187890*y(4) - 737660*y(5) =E= 0 ; (LHS = -95457, INFES = 95457 ****)
     

---- e79  =E=  

e79..  - hvap + 30.6*y(1) + 32.5*y(2) + 37.6*y(3) + 36.57*y(4) + 28.4*y(5) =E= 0 ; (LHS = 30.6, INFES = 30.6 ****)
     

---- e80  =E=  

e80..  - w + 0.199*y(1) + 0.5139*y(2) + 0.557*y(3) + 0.34979*y(4) + 0.245*y(5) =E= 0 ; (LHS = 0.199, INFES = 0.199 ****)
     

---- e81  =E=  

e81..  - Tc + 509.95*y(1) + 448.85*y(2) + 512.5*y(3) + 540.15*y(4) + 486.15*y(5) =E= 0 ; (LHS = 509.95, INFES = 509.95 ****)
     

---- e82  =E=  

e82..  - Pc + 60.7*y(1) + 16.6*y(2) + 82.15*y(3) + 27.3*y(4) + 33.8*y(5) =E= 0 ; (LHS = 60.7, INFES = 60.7 ****)
     

---- e83  =E=  

e83..  - density + 1310*y(1) + 1501*y(2) + 781.4*y(3) + 673.4*y(4) + 1552*y(5) =E= 0 ; (LHS = 1310, INFES = 1310 ****)
     

---- e84  =E=  

e84..  - Tb + 313*y(1) + 329*y(2) + 337.69*y(3) + 371*y(4) + 320*y(5) =E= 0 ; (LHS = 313, INFES = 313 ****)
     
GAMS 46.1.0  0f6c6ca6 Feb 17, 2024          WEX-WEI x86 64bit/MS Windows - 06/28/24 17:20:07 Page 4
G e n e r a l   A l g e b r a i c   M o d e l i n g   S y s t e m
Column Listing      SOLVE config_A Using MINLP From line 249


---- MW  

MW
                (.LO, .L, .UP, .M = 0, 0, +INF, 0)
       (0)      e1
       (0)      e27
       (0)      e43
       (0)      e46
       -1       e77


---- w  

w
                (.LO, .L, .UP, .M = 0, 0, +INF, 0)
      (-1.5423) e7
       -1       e80


---- hvap  

hvap
                (.LO, .L, .UP, .M = 0, 0, +INF, 0)
       -1       e27
      (-0.1)    e46
       -1       e79


---- Tc  

Tc
                (.LO, .L, .UP, .M = 0, 0, +INF, 0)
 (4381500)      e5
       (0)      e8
    (-646.7959) e9
 (3000000)      e30
       (0)      e32
 (3000000)      e50
       (0)      e52
       -1       e81


---- Pc  

Pc
                (.LO, .L, .UP, .M = 0, 0, +INF, 0)
       (0)      e8
       (0)      e9
       (0)      e32
       (0)      e52
       -1       e82


---- density  

density
                (.LO, .L, .UP, .M = 0, 0, +INF, 0)
       (0)      e43
       -1       e83


---- w_pump  

w_pump
                (.LO, .L, .UP, .M = 0, 0, +INF, 0)
        1       obj_func
        1       e44


---- w_turbine  

w_turbine
                (.LO, .L, .UP, .M = 0, 0, +INF, 0)
       -0.95    obj_func
        1       e45


---- deltah_pump  

deltah_pump
                (.LO, .L, .UP, .M = 0, 0, +INF, 0)
        1       e43
       -1.3333  e44


---- molar_flow  

molar_flow
                (.LO, .L, .UP, .M = 0, 0, +INF, 0)
       (0)      e42
       (0)      e43
       (0)      e45


---- steam_quality  

steam_quality
                (.LO, .L, .UP, .M = 0.9, 0.9, 1, 0)
       (0)      e46
        0       (OLD LEVEL ****)


---- P1  

P1
                (.LO, .L, .UP, .M = 5, 13, 25, 0)
       (0)      e10
       (0)      e11
       (0)      e33
       (0)      e34
       (0)      e43


---- P2  

P2
                (.LO, .L, .UP, .M = 1, 1, 1, 0)
       (0)      e53
       (0)      e54


---- P3  

P3
                (.LO, .L, .UP, .M = 1, 1, 1, 0)
       (0)      e43


---- T1  

T1
                (.LO, .L, .UP, .M = 438.15, 438.15, 438.15, 0)
       (0)      e2
       (0.8403) e4
    (-100)      e5
       (0)      e10
       (0)      e11


---- T2  

T2
                (.LO, .L, .UP, .M = 0, 300, +INF, 0)
       (0)      e47
       (0.4718) e48
      (26.587)  e49
    (-100)      e50
       (0)      e53
       (0)      e54


---- T4  

T4
                (.LO, .L, .UP, .M = 0, 300, +INF, 0)
       (0)      e28
       (8.0142) e29
    (-100)      e30
       (0)      e33
       (0)      e34
        1       e41


---- Tb  

Tb
                (.LO, .L, .UP, .M = 0, 0, +INF, 0)
       -1       e41
       -1       e84


---- sL_1  

sL_1
                (.LO, .L, .UP, .M = 0, 0, +INF, 0)
  -500000       e14
       -1       e23


---- sV_1  

sV_1
                (.LO, .L, .UP, .M = 0, 0, +INF, 0)
   500000       e17
        1       e22


---- L_1  

L_1
                (.LO, .L, .UP, .M = 0, 0, +INF, 0)
        1       e21


---- V_1  

V_1
                (.LO, .L, .UP, .M = 0, 0, +INF, 0)
        1       e21


---- sL_2  

sL_2
                (.LO, .L, .UP, .M = 0, 0, +INF, 0)
       (0)      obj_func
  -500000       e63
       -1       e66


---- sV_2  

sV_2
                (.LO, .L, .UP, .M = 0, 0, +INF, 0)
       (0)      obj_func
   500000       e60
        1       e65


---- L_2  

L_2
                (.LO, .L, .UP, .M = 0, 0, +INF, 0)
       (0)      obj_func
        1       e64


---- V_2  

V_2
                (.LO, .L, .UP, .M = 0, 0, +INF, 0)
       (0)      obj_func
        1       e64


---- H1ideal  

H1ideal
                (.LO, .L, .UP, .M = -INF, 0, +INF, 0)
       (0)      e1
        1       e2


---- H1  

H1
                (.LO, .L, .UP, .M = -INF, 0, +INF, 0)
        1       e1
       (0)      e42
       (0)      e45


---- h1res  

h1res
                (.LO, .L, .UP, .M = -INF, 0, +INF, 0)
       -1       e1
        1       e4


---- a1_1  

a1_1
                (.LO, .L, .UP, .M = -INF, 0, +INF, 0)
       (0.0025) e12
       (0.1)    e13
        2       e14
       (0.81)   e15
       (1.8)    e16
        2       e17
        1       e18


---- a2_1  

a2_1
                (.LO, .L, .UP, .M = -INF, 0, +INF, 0)
       (0.05)   e12
        1       e13
       (0.9)    e15
        1       e16
        1       e19


---- a3_1  

a3_1
                (.LO, .L, .UP, .M = -INF, 0, +INF, 0)
        1       e12
        1       e15
        1       e20


---- zv_1  

zv_1
                (.LO, .L, .UP, .M = -INF, 0.9, +INF, 0)
   (-3646.9627) e4
       (2.43)   e15
       (5.4)    e16
        6       e17
       (0.1511) e24


---- beta_1  

beta_1
                (.LO, .L, .UP, .M = -INF, 0, +INF, 0)
       -1       e22
       -1       e23


---- zl_1  

zl_1
                (.LO, .L, .UP, .M = -INF, 0.05, +INF, 0)
       (0.0075) e12
       (0.3)    e13
        6       e14
     (773.7956) e25


---- cap_a_1  

cap_a_1
                (.LO, .L, .UP, .M = -INF, 0.001, +INF, 0)
    (3878.0369) e4
        1       e10
       -1       e19
       (0.0281) e20
       (1.1177) e24
     (245.8658) e25


---- cap_b_1  

cap_b_1
                (.LO, .L, .UP, .M = -INF, 0.0281, +INF, 0)
      (-2.2998) e4
        1       e11
       -1       e18
       (2.1686) e19
      (-0.0576) e20
      (-1.1901) e24
    (-796.9551) e25


---- Tr_1  

Tr_1
                (.LO, .L, .UP, .M = -INF, 0, +INF, 0)
       (0)      e4
        1       e5
       (0)      e6


---- alpha_1  

alpha_1
                (.LO, .L, .UP, .M = -INF, 0, +INF, 0)
       (0)      e4
        1       e6
       (0)      e8


---- a_1  

a_1
                (.LO, .L, .UP, .M = -INF, 0, +INF, 0)
        1       e8
 (-9.796652E-7) e10


---- phi_vap_1  

phi_vap_1
                (.LO, .L, .UP, .M = -INF, 0, +INF, 0)
        1       e24
       -1       e26


---- phi_liq_1  

phi_liq_1
                (.LO, .L, .UP, .M = -INF, 0, +INF, 0)
        1       e25
        1       e26


---- H4ideal  

H4ideal
                (.LO, .L, .UP, .M = -INF, 0, +INF, 0)
       (0)      e27
        1       e28


---- H4  

H4
                (.LO, .L, .UP, .M = -INF, 0, +INF, 0)
        1       e27
       (0)      e42


---- h4res  

h4res
                (.LO, .L, .UP, .M = -INF, 0, +INF, 0)
       -1       e27
        1       e29


---- a1_4  

a1_4
                (.LO, .L, .UP, .M = -INF, 0, +INF, 0)
        1       e35
       (0.0025) e38
       (0.1)    e39
        2       e40


---- a2_4  

a2_4
                (.LO, .L, .UP, .M = -INF, 0, +INF, 0)
        1       e36
       (0.05)   e38
        1       e39


---- a3_4  

a3_4
                (.LO, .L, .UP, .M = -INF, 0, +INF, 0)
        1       e37
        1       e38


---- zl_4  

zl_4
                (.LO, .L, .UP, .M = -INF, 0.05, +INF, 0)
   (-3038.9759) e29
       (0.0075) e38
       (0.3)    e39
        6       e40


---- cap_a_4  

cap_a_4
                (.LO, .L, .UP, .M = -INF, 0.001, +INF, 0)
   (34775.9848) e29
        1       e33
       -1       e36
       (0.0281) e37


---- cap_b_4  

cap_b_4
                (.LO, .L, .UP, .M = -INF, 0.0281, +INF, 0)
    (-252.8495) e29
        1       e34
       -1       e35
       (2.1686) e36
      (-0.0576) e37


---- Tr_4  

Tr_4
                (.LO, .L, .UP, .M = -INF, 0, +INF, 0)
       (0)      e29
        1       e30
       (0)      e31


---- alpha_4  

alpha_4
                (.LO, .L, .UP, .M = -INF, 0, +INF, 0)
       (0)      e29
        1       e31
       (0)      e32


---- a_4  

a_4
                (.LO, .L, .UP, .M = -INF, 0, +INF, 0)
        1       e32
 (-2.089685E-6) e33


---- H2ideal  

H2ideal
                (.LO, .L, .UP, .M = -INF, 0, +INF, 0)
       (0)      e46
        1       e47


---- H2  

H2
                (.LO, .L, .UP, .M = -INF, 0, +INF, 0)
       (0)      e45
        1       e46


---- h_vap2res  

h_vap2res
                (.LO, .L, .UP, .M = -INF, 0, +INF, 0)
      (-0.9)    e46
        1       e48


---- h_liq2res  

h_liq2res
                (.LO, .L, .UP, .M = -INF, 0, +INF, 0)
      (-0.1)    e46
        1       e49


---- a1_2  

a1_2
                (.LO, .L, .UP, .M = -INF, 0, +INF, 0)
        1       e55
       (0.9409) e58
       (1.94)   e59
        2       e60
       (0.0001) e61
       (0.02)   e62
        2       e63


---- a2_2  

a2_2
                (.LO, .L, .UP, .M = -INF, 0, +INF, 0)
        1       e56
       (0.97)   e58
        1       e59
       (0.01)   e61
        1       e62


---- a3_2  

a3_2
                (.LO, .L, .UP, .M = -INF, 0, +INF, 0)
        1       e57
        1       e58
        1       e61


---- zv_2  

zv_2
                (.LO, .L, .UP, .M = -INF, 0.97, +INF, 0)
   (-2562.8301) e48
       (2.8227) e58
       (5.82)   e59
        6       e60
       (0.0054) e67


---- cap_a_2  

cap_a_2
                (.LO, .L, .UP, .M = -INF, 0.026, +INF, 0)
    (2565.6937) e48
  (211801.4958) e49
        1       e53
       -1       e56
       (0.002)  e57
       (1.0042) e67
     (433.5293) e68


---- cap_b_2  

cap_b_2
                (.LO, .L, .UP, .M = -INF, 0.002, +INF, 0)
     (-68.4418) e48
 (-369637.2029) e49
        1       e54
       -1       e55
       (2.012)  e56
       (0.022)  e57
      (-1.0351) e67
   (-1394.6076) e68


---- Tr_2  

Tr_2
                (.LO, .L, .UP, .M = -INF, 0, +INF, 0)
       (0)      e48
       (0)      e49
        1       e50
       (0)      e51


---- alpha_2  

alpha_2
                (.LO, .L, .UP, .M = -INF, 0, +INF, 0)
       (0)      e48
       (0)      e49
        1       e51
       (0)      e52


---- a_2  

a_2
                (.LO, .L, .UP, .M = -INF, 0, +INF, 0)
        1       e52
 (-1.607450E-7) e53


---- beta_2  

beta_2
                (.LO, .L, .UP, .M = -INF, 0, +INF, 0)
       -1       e65
       -1       e66


---- zl_2  

zl_2
                (.LO, .L, .UP, .M = -INF, 0.01, +INF, 0)
 (-479250.6486) e49
       (0.0003) e61
       (0.06)   e62
        6       e63
    (-342.9051) e68


---- phi_vap_2  

phi_vap_2
                (.LO, .L, .UP, .M = -INF, 0, +INF, 0)
        1       e67
       -1       e69


---- phi_liq_2  

phi_liq_2
                (.LO, .L, .UP, .M = -INF, 0, +INF, 0)
        1       e68
        1       e69


---- Hideal298  

Hideal298
                (.LO, .L, .UP, .M = -INF, 0, +INF, 0)
        1       e2
        1       e3
        1       e28
        1       e47


---- a  

a
                (.LO, .L, .UP, .M = -INF, 0, +INF, 0)
       -1       e2
       -1       e3
       -1       e28
       -1       e47
       -1       e71


---- b  

b
                (.LO, .L, .UP, .M = -INF, 0, +INF, 0)
    (-438.15)   e2
     -298.15    e3
    (-300)      e28
    (-300)      e47
       -1       e72


---- c  

c
                (.LO, .L, .UP, .M = -INF, 0, +INF, 0)
 (-191975.4225) e2
   -88893.4225  e3
  (-90000)      e28
  (-90000)      e47
       -1       e73


---- d  

d
                (.LO, .L, .UP, .M = -INF, 0, +INF, 0)
 (-8.411403E+7) e2
  -2.650357E+7  e3
 (-2.700000E+7) e28
 (-2.700000E+7) e47
       -1       e74


---- e  

e
                (.LO, .L, .UP, .M = -INF, 0, +INF, 0)
 (-3.68546E+10) e2
  -7.902041E+9  e3
 (-8.100000E+9) e28
 (-8.100000E+9) e47
       -1       e75


---- f  

f
                (.LO, .L, .UP, .M = -INF, 0, +INF, 0)
 (-1.61478E+13) e2
  -2.35599E+12  e3
 (-2.43000E+12) e28
 (-2.43000E+12) e47
       -1       e76


---- hform  

hform
                (.LO, .L, .UP, .M = -INF, 0, +INF, 0)
       -1       e1
       -1       e27
      (-1)      e46
       -1       e78


---- w_net  

w_net
                (.LO, .L, .UP, .M = -INF, 0, +INF, 0)
        1       obj_func


---- m  

m
                (.LO, .L, .UP, .M = -INF, 0, +INF, 0)
       (0)      e4
      (-2)      e6
        1       e7
       (0)      e29
      (-2)      e31
       (0)      e48
       (0)      e49
      (-2)      e51


---- b_uni  

b_uni
                (.LO, .L, .UP, .M = -INF, 0, +INF, 0)
        1       e9
      (-0.0036) e11
      (-0.0052) e34
      (-0.0004) e54


---- y  

y(1)
                (.LO, .L, .UP, .M = 0, 1, 1, 0)
        1       e70
        0.1526  e72
        0.001   e73
  -5.112870E-7  e74
  1.239380E-10  e75
       84.93    e77
   -95457       e78
       30.6     e79
        0.199   e80
      509.95    e81
       60.7     e82
     1310       e83
      313       e84

y(2)
                (.LO, .L, .UP, .M = 0, 0, 1, 0)
        1       e70
       -0.1839  e72
        0.002   e73
  -1.103570E-6  e74
  2.331630E-10  e75
      338.04    e77
  -2.965210E+6  e78
       32.5     e79
        0.5139  e80
      448.85    e81
       16.6     e82
     1501       e83
      329       e84

y(3)
                (.LO, .L, .UP, .M = 0, 0, 1, 0)
        1       e70
        0.6602  e72
        0.0011  e73
  2.6925600E-7  e74
  -2.22606E-10  e75
       32       e77
  -201290       e78
       37.6     e79
        0.557   e80
      512.5     e81
       82.15    e82
      781.4     e83
      337.69    e84

REMAINING 2 ENTRIES SKIPPED
GAMS 46.1.0  0f6c6ca6 Feb 17, 2024          WEX-WEI x86 64bit/MS Windows - 06/28/24 17:20:07 Page 5
G e n e r a l   A l g e b r a i c   M o d e l i n g   S y s t e m
Range Statistics    SOLVE config_A Using MINLP From line 249


RANGE STATISTICS (ABSOLUTE NON-ZERO FINITE VALUES)

RHS       [min, max] : [ 3.746E-01, 4.441E+04] - Zero values observed as well
Bound     [min, max] : [ 9.000E-01, 4.382E+02] - Zero values observed as well
Matrix    [min, max] : [ 1.377E-14, 1.615E+13] - Zero values observed as well

GAMS 46.1.0  0f6c6ca6 Feb 17, 2024          WEX-WEI x86 64bit/MS Windows - 06/28/24 17:20:07 Page 6
G e n e r a l   A l g e b r a i c   M o d e l i n g   S y s t e m
Model Statistics    SOLVE config_A Using MINLP From line 249


MODEL STATISTICS

BLOCKS OF EQUATIONS          85     SINGLE EQUATIONS           85
BLOCKS OF VARIABLES          83     SINGLE VARIABLES           87  1 projected
NON ZERO ELEMENTS           354     NON LINEAR N-Z            160
CODE LENGTH                 691     CONSTANT POOL              35     DISCRETE VARIABLES          5


GENERATION TIME      =        0.016 SECONDS      4 MB  46.1.0 0f6c6ca6 WEX-WEI
GAMS 46.1.0  0f6c6ca6 Feb 17, 2024          WEX-WEI x86 64bit/MS Windows - 06/28/24 17:20:07 Page 7
G e n e r a l   A l g e b r a i c   M o d e l i n g   S y s t e m
Solution Report     SOLVE config_A Using MINLP From line 249


               S O L V E      S U M M A R Y

     MODEL   config_A            OBJECTIVE  w_net
     TYPE    MINLP               DIRECTION  MAXIMIZE
     SOLVER  DICOPT              FROM LINE  249

**** SOLVER STATUS     1 Normal Completion
**** MODEL STATUS      8 Integer Solution
**** OBJECTIVE VALUE            21196.3605

 RESOURCE USAGE, LIMIT          0.156 10000000000.000
 ITERATION COUNT, LIMIT       244         50000
 EVALUATION ERRORS              0             0
-------------------------------------------------------------------------------
Dicopt 2         46.1.0 0f6c6ca6 Feb 17, 2024          WEI x86 64bit/MS Window
-------------------------------------------------------------------------------
*** This solver runs with a demo license. No commercial use.
--- *** This solver runs with a demo license. No commercial use.
 
 
    C O N O P T   version 4.32
    Copyright (C) ARKI Consulting and Development A/S
                  Bagsvaerdvej 246 A
                  DK-2880 Bagsvaerd, Denmark
 
    Will use up to 8 threads.
 
 
    The user model has 85 constraints and 87 variables
    with 354 Jacobian elements, 160 of which are nonlinear.
    The Hessian of the Lagrangian has 24 elements on the diagonal,
    143 elements below the diagonal, and 60 nonlinear variables.
 
    The pre-triangular part of the model has 0 constraints and 4 variables.
    The post-triangular part of the model has 6 constraints and variables.
    There are 8 penalty and minimax constraints with 4 variables.
    There are 48 definitional constraints and defined variables.
 
    Reduced model without penalty components has 23 constraints and
    25 variables with 175 Jacobian elements, 146 of which are nonlinear.
 
 
    Previous model terminated and penalty components are added back in.
    Full preprocessed model has 31 constraints and 29 variables
    with 215 Jacobian elements, 170 of which are nonlinear.
 
 
 ** Optimal solution. Reduced gradient less than tolerance.
 
 
 CONOPT time Total                            0.018 seconds
   of which: Function evaluations             0.007 = 38.9%
             1st Derivative evaluations       0.000 =  0.0%
             2nd Derivative evaluations       0.000 =  0.0%
             Directional 2nd Deriv(Hess)      0.000 =  0.0%
             Interval derivative evals        0.000 =  0.0%
 
*** This solver runs with a demo license. No commercial use.
--- GMO setup time: 0.00s
--- GMO memory 0.53 Mb (peak 0.53 Mb)
--- Dictionary memory 0.00 Mb
--- Cplex 22.1.1.0 link memory 0.00 Mb (peak 0.02 Mb)
--- Starting Cplex


--- MIP status (101): integer optimal solution.
--- Cplex Time: 0.05sec (det. 1.37 ticks)

--- Returning a primal only solution to GAMS (marginals all set to NA).
--- Fixing integer variables and solving final LP...


--- Fixed MIP status (2): unbounded.
--- Cplex Time: 0.00sec (det. 1.07 ticks)

*** WARNING: Final solve did not return an optimal solution. Returning MIP solution.

Proven optimal solution
MIP Solution:        22345.749753    (20 iterations, 0 nodes)

Best possible:       22345.749753
Absolute gap:            0.000000
Relative gap:            0.000000

--- DICOPT: Setting up next NLP
--- *** This solver runs with a demo license. No commercial use.
 
 
    C O N O P T   version 4.32
    Copyright (C) ARKI Consulting and Development A/S
                  Bagsvaerdvej 246 A
                  DK-2880 Bagsvaerd, Denmark
 
    Will use up to 8 threads.
 
 
    The user model has 85 constraints and 87 variables
    with 354 Jacobian elements, 160 of which are nonlinear.
    The Hessian of the Lagrangian has 24 elements on the diagonal,
    143 elements below the diagonal, and 60 nonlinear variables.
 
    The pre-triangular part of the model has 27 constraints and 35 variables.
    The post-triangular part of the model has 5 constraints and variables.
    There are 8 penalty and minimax constraints with 4 variables.
    There are 29 definitional constraints and defined variables.
 
    Reduced model without penalty components has 16 constraints and
    14 variables with 43 Jacobian elements, 40 of which are nonlinear.
 
 
    Previous model terminated and penalty components are added back in.
    Full preprocessed model has 24 constraints and 18 variables
    with 63 Jacobian elements, 44 of which are nonlinear.
 
 
 ** Optimal solution. There are no superbasic variables.
 
 ** Scaled model is feasible, but some unscaled residuals are large due
    to large scale factors.
    Largest unscaled residual is 5.91E-06 based on scale factor 1.64E+04
 
 
 CONOPT time Total                            0.003 seconds
   of which: Function evaluations             0.001 = 33.3%
             1st Derivative evaluations       0.000 =  0.0%
             2nd Derivative evaluations       0.000 =  0.0%
             Interval derivative evals        0.000 =  0.0%
 
--- GMO Resort Time 0ms
*** This solver runs with a demo license. No commercial use.
--- GMO setup time: 0.00s
--- GMO memory 0.55 Mb (peak 0.55 Mb)
--- Dictionary memory 0.00 Mb
--- Cplex 22.1.1.0 link memory 0.01 Mb (peak 0.03 Mb)
--- Starting Cplex


--- MIP status (101): integer optimal solution.
--- Cplex Time: 0.02sec (det. 2.43 ticks)

--- Returning a primal only solution to GAMS (marginals all set to NA).
--- Fixing integer variables and solving final LP...


--- Fixed MIP status (2): unbounded.
--- Cplex Time: 0.00sec (det. 1.66 ticks)

*** WARNING: Final solve did not return an optimal solution. Returning MIP solution.

Proven optimal solution
MIP Solution:     -1672464.404697    (90 iterations, 0 nodes)

Best possible:    -1672464.404697
Absolute gap:            0.000000
Relative gap:            0.000000

--- DICOPT: Setting up next NLP
--- *** This solver runs with a demo license. No commercial use.
 
 
    C O N O P T   version 4.32
    Copyright (C) ARKI Consulting and Development A/S
                  Bagsvaerdvej 246 A
                  DK-2880 Bagsvaerd, Denmark
 
    Will use up to 8 threads.
 
 
    The user model has 85 constraints and 87 variables
    with 354 Jacobian elements, 160 of which are nonlinear.
    The Hessian of the Lagrangian has 24 elements on the diagonal,
    143 elements below the diagonal, and 60 nonlinear variables.
 
    The pre-triangular part of the model has 27 constraints and 35 variables.
    The post-triangular part of the model has 5 constraints and variables.
    There are 8 penalty and minimax constraints with 4 variables.
    There are 29 definitional constraints and defined variables.
 
    Reduced model without penalty components has 16 constraints and
    14 variables with 43 Jacobian elements, 40 of which are nonlinear.
 
 
 ** Infeasible solution. There are no superbasic variables.
 
 
    Initial linear feasibility model has 0 constraints and 0 variables
    with 0 linear Jacobian elements.
    Objective: Distance to point away from bounds
 
    Restarting reduced model.
 
 ** Infeasible solution. There are no superbasic variables.
 
 
 CONOPT time Total                            0.016 seconds
   of which: Function evaluations             0.016 =100.0%
             1st Derivative evaluations       0.000 =  0.0%
             2nd Derivative evaluations       0.000 =  0.0%
             Interval derivative evals        0.000 =  0.0%
 
*** This solver runs with a demo license. No commercial use.
--- GMO setup time: 0.00s
--- GMO memory 0.55 Mb (peak 0.55 Mb)
--- Dictionary memory 0.00 Mb
--- Cplex 22.1.1.0 link memory 0.01 Mb (peak 0.03 Mb)
--- Starting Cplex


--- MIP status (101): integer optimal solution.
--- Cplex Time: 0.03sec (det. 2.04 ticks)

--- Returning a primal only solution to GAMS (marginals all set to NA).
--- Fixing integer variables and solving final LP...


--- Fixed MIP status (2): unbounded.
--- Cplex Time: 0.00sec (det. 1.71 ticks)

*** WARNING: Final solve did not return an optimal solution. Returning MIP solution.

Proven optimal solution
MIP Solution:    -10981783.683163    (64 iterations, 0 nodes)

Best possible:   -10981783.683163
Absolute gap:            0.000000
Relative gap:            0.000000

--- DICOPT: Setting up next NLP
--- *** This solver runs with a demo license. No commercial use.
 
 
    C O N O P T   version 4.32
    Copyright (C) ARKI Consulting and Development A/S
                  Bagsvaerdvej 246 A
                  DK-2880 Bagsvaerd, Denmark
 
    Will use up to 8 threads.
 
 
    The user model has 85 constraints and 87 variables
    with 354 Jacobian elements, 160 of which are nonlinear.
    The Hessian of the Lagrangian has 24 elements on the diagonal,
    143 elements below the diagonal, and 60 nonlinear variables.
 
    The pre-triangular part of the model has 27 constraints and 35 variables.
    The post-triangular part of the model has 5 constraints and variables.
    There are 8 penalty and minimax constraints with 4 variables.
    There are 24 definitional constraints and defined variables.
 
    Reduced model without penalty components has 21 constraints and
    19 variables with 56 Jacobian elements, 46 of which are nonlinear.
 
 
    Previous model terminated and penalty components are added back in.
    Full preprocessed model has 29 constraints and 23 variables
    with 76 Jacobian elements, 50 of which are nonlinear.
 
 
 ** Optimal solution. There are no superbasic variables.
 
 
 CONOPT time Total                            0.000 seconds
   of which: Function evaluations             0.000 =  0.0%
             1st Derivative evaluations       0.000 =  0.0%
             2nd Derivative evaluations       0.000 =  0.0%
             Interval derivative evals        0.000 =  0.0%
 
--- DICOPT: Stopped on NLP worsening

      The search was stopped because the objective function
      of the NLP subproblems started to deteriorate.

--- DICOPT: Best integer solution found: 21196.360470

                           LOWER          LEVEL          UPPER         MARGINAL

---- EQU obj_func            .              .              .             1.0000      
---- EQU e1                  .              .              .             0.3877      
---- EQU e2                  .              .              .           131.0639      
---- EQU e3                  .       1.221245E-14          .             EPS         
---- EQU e4                  .              .              .             0.3877      
---- EQU e5                  .              .              .        -19168.2453      
---- EQU e6                  .              .              .         16562.6407      
---- EQU e7                 0.3746         0.3746         0.3746    -14693.5715      
---- EQU e8                  .              .              .             0.0418      
---- EQU e9                  .              .              .          1376.7742      
---- EQU e10                 .              .              .         40642.2658      
---- EQU e11                 .              .              .       -245969.2619      
---- EQU e12                 .              .              .             EPS         
---- EQU e13                 .             0.0383        +INF             .          
---- EQU e14               -INF      -500000.9056          .             EPS         
---- EQU e15                 .              .              .         66997.1874      
---- EQU e16                 .             0.0774        +INF             .          
---- EQU e17                 .             1.1352        +INF             .          
---- EQU e18               -1.0000        -1.0000        -1.0000    -16795.0622      
---- EQU e19                 .              .              .        -33544.3278      
---- EQU e20                 .              .              .        -66997.1874      
---- EQU e21                1.0000         1.0000         1.0000         EPS         
---- EQU e22               -1.0000          .            +INF             .          
---- EQU e23               -INF           -1.0000        -1.0000          .          
---- EQU e24                 .              .              .         37925.7027      
---- EQU e25                 .              .              .        -37925.7027      
---- EQU e26                 .              .              .         37925.7027      
---- EQU e27                 .              .              .             0.3914      
---- EQU e28                 .              .              .           132.3177      
---- EQU e29                 .              .              .             0.3914      
---- EQU e30                 .              .              .          9290.7878      
---- EQU e31                 .              .              .         -8452.5650      
---- EQU e32                 .              .              .            -0.0266      
---- EQU e33                 .              .              .        -14681.1375      
---- EQU e34                 .              .              .        156838.1620      
---- EQU e35               -1.0000        -1.0000        -1.0000     -1662.4645      
---- EQU e36                 .              .              .        -14701.3492      
---- EQU e37                 .              .              .       -130005.5808      
---- EQU e38                 .              .              .        130005.5808      
---- EQU e39                 .             0.5650        +INF             .          
---- EQU e40               -INF           -1.1475          .              .          
---- EQU e41                1.0000         1.0000         1.0000       130.4373      
---- EQU e42            44412.5000     44412.5000     44412.5000         0.4773      
---- EQU e43                 .              .              .            -1.3333      
---- EQU e44                 .              .              .            -1.0000      
---- EQU e45                 .              .              .             0.9500      
---- EQU e46                 .              .              .            -0.7791      
---- EQU e47                 .              .              .          -263.3816      
---- EQU e48                 .              .              .            -0.7012      
---- EQU e49                 .              .              .            -0.0779      
---- EQU e50                 .              .              .         37201.3057      
---- EQU e51                 .              .              .        -24883.3245      
---- EQU e52                 .              .              .            -0.0639      
---- EQU e53                 .              .              .       -488672.3413      
---- EQU e54                 .              .              .       4199506.8933      
---- EQU e55               -1.0000        -1.0000        -1.0000      2703.9940      
---- EQU e56                 .              .              .         45489.1100      
---- EQU e57                 .              .              .       5149681.0472      
---- EQU e58                 .              .              .         -2672.8135      
---- EQU e59                 .             0.8244        +INF             .          
---- EQU e60                 .             3.6327        +INF             .          
---- EQU e61                 .              .              .       -5.147008E+6      
---- EQU e62                 .             0.0374        +INF             .          
---- EQU e63               -INF           -1.9372          .              .          
---- EQU e64                1.0000         1.0000         1.0000         EPS         
---- EQU e65               -1.0000        -1.0000        +INF             .          
---- EQU e66               -INF           -1.0000        -1.0000          .          
---- EQU e67                 .              .              .         -7303.5623      
---- EQU e68                 .              .              .          7303.5623      
---- EQU e69                 .              .              .         -7303.5623      
---- EQU e70                1.0000         1.0000         1.0000          .          
---- EQU e71                 .              .              .             EPS         
---- EQU e72                 .              .              .        -13459.9271      
---- EQU e73                 .              .              .       -1.041459E+7      
---- EQU e74                 .              .              .       -6.078874E+9      
---- EQU e75                 .              .              .       -3.17199E+12      
---- EQU e76                 .              .              .       -1.56040E+15      
---- EQU e77                 .              .              .           -34.3053      
---- EQU e78                 .              .              .             EPS         
---- EQU e79                 .              .              .            -0.3135      
---- EQU e80                 .              .              .         18584.9615      
---- EQU e81                 .              .              .           113.7566      
---- EQU e82                 .              .              .          -339.9948      
---- EQU e83                 .              .              .            -0.2076      
---- EQU e84                 .              .              .          -130.4373      

                           LOWER          LEVEL          UPPER         MARGINAL

---- VAR MW                  .           338.0400        +INF             .          
---- VAR w                   .             0.5139        +INF             .          
---- VAR hvap                .            32.5000        +INF             .          
---- VAR Tc                  .           448.8500        +INF             .          
---- VAR Pc                  .            16.6000        +INF             .          
---- VAR density             .          1501.0000        +INF             .          
---- VAR w_pump              .           311.5483        +INF             .          
---- VAR w_turbine           .         22639.9039        +INF             .          
---- VAR deltah_pu~          .           233.6612        +INF             .          
---- VAR molar_flow          .             0.8202        +INF             .          
---- VAR steam_qua~         0.9000         0.9000         1.0000    -22318.2758      
---- VAR P1                 5.0000        13.6504        25.0000          .          
---- VAR P2                 1.0000         1.0000         1.0000     -5980.4298      
---- VAR P3                 1.0000         1.0000         1.0000        24.6275      
---- VAR T1               438.1500       438.1500       438.1500        39.8752      
---- VAR T2                  .           332.7133        +INF             .          
---- VAR T4                  .           330.0000        +INF             .          
---- VAR Tb                  .           329.0000        +INF             .          
---- VAR sL_1                .             1.0000        +INF             .          
---- VAR sV_1                .              .            +INF            EPS         
---- VAR L_1                 .             1.0000        +INF            EPS         
---- VAR V_1                 .              .            +INF             .          
---- VAR sL_2                .              .            +INF            EPS         
---- VAR sV_2                .              .            +INF      -100000.0000      
---- VAR L_2                 .              .            +INF            EPS         
---- VAR V_2                 .             1.0000        +INF             .          
---- VAR H1ideal           -INF          118.8711        +INF             .          
---- VAR H1                -INF      -2.932254E+6        +INF             .          
---- VAR h1res             -INF        -7226.7843        +INF             .          
---- VAR a1_1              -INF           -0.9345        +INF             .          
---- VAR a2_1              -INF            0.2611        +INF             .          
---- VAR a3_1              -INF           -0.0220        +INF             .          
---- VAR zv_1              -INF            0.5007        +INF             .          
---- VAR beta_1            -INF             .            +INF            EPS         
---- VAR zl_1              -INF            0.1606        +INF             .          
---- VAR cap_a_1           -INF            0.4050        +INF             .          
---- VAR cap_b_1           -INF            0.0655        +INF             .          
---- VAR Tr_1              -INF            0.9761        +INF             .          
---- VAR alpha_1           -INF            1.0265        +INF             .          
---- VAR a_1               -INF       393711.6400        +INF             .          
---- VAR phi_vap_1         -INF            0.6777        +INF             .          
---- VAR phi_liq_1         -INF            0.6777        +INF             .          
---- VAR H4ideal           -INF           23.7520        +INF             .          
---- VAR H4                -INF      -2.986405E+6        +INF             .          
---- VAR h4res             -INF       -29256.8336        +INF             .          
---- VAR a1_4              -INF           -0.9130        +INF             .          
---- VAR a2_4              -INF            0.7331        +INF             .          
---- VAR a3_4              -INF           -0.0727        +INF             .          
---- VAR zl_4              -INF            0.1131        +INF             .          
---- VAR cap_a_4           -INF            0.9299        +INF             .          
---- VAR cap_b_4           -INF            0.0870        +INF             .          
---- VAR Tr_4              -INF            0.7352        +INF             .          
---- VAR alpha_4           -INF            1.3369        +INF             .          
---- VAR a_4               -INF       512770.9690        +INF             .          
---- VAR H2ideal           -INF           25.8727        +INF             .          
---- VAR H2                -INF      -2.959858E+6        +INF             .          
---- VAR h_vap2res         -INF         -529.6928        +INF             .          
---- VAR h_liq2res         -INF       -29206.8312        +INF             .          
---- VAR a1_2              -INF           -0.9937        +INF             .          
---- VAR a2_2              -INF            0.0538        +INF             .          
---- VAR a3_2              -INF           -0.0004        +INF             .          
---- VAR zv_2              -INF            0.9367        +INF             .          
---- VAR cap_a_2           -INF            0.0666        +INF             .          
---- VAR cap_b_2           -INF            0.0063        +INF             .          
---- VAR Tr_2              -INF            0.7412        +INF             .          
---- VAR alpha_2           -INF            1.3280        +INF             .          
---- VAR a_2               -INF       509357.2580        +INF             .          
---- VAR beta_2            -INF            1.0000        +INF            EPS         
---- VAR zl_2              -INF            0.0084        +INF             .          
---- VAR phi_vap_2         -INF            0.9401        +INF             .          
---- VAR phi_liq_2         -INF            0.9401        +INF             .          
---- VAR Hideal298         -INF           91.4788        +INF             .          
---- VAR a                 -INF             .            +INF             .          
---- VAR b                 -INF           -0.1839        +INF             .          
---- VAR c                 -INF            0.0020        +INF             .          
---- VAR d                 -INF      -1.103570E-6        +INF             .          
---- VAR e                 -INF      2.331630E-10        +INF             .          
---- VAR f                 -INF             .            +INF             .          
---- VAR hform             -INF      -2.965210E+6        +INF             .          
---- VAR w_net             -INF        21196.3605        +INF             .          
---- VAR m                 -INF            1.0959        +INF             .          
---- VAR b_uni             -INF           17.4878        +INF             .          

---- VAR y  

         LOWER          LEVEL          UPPER         MARGINAL

1          .              .             1.0000     12247.0273      
2          .             1.0000         1.0000     11773.7601      
3          .              .             1.0000     25945.5514      
4          .              .             1.0000     20885.6126      
5          .              .             1.0000     10187.6033      


**** REPORT SUMMARY :        0     NONOPT
                             0 INFEASIBLE
                             0  UNBOUNDED
                             0     ERRORS


EXECUTION TIME       =        0.219 SECONDS      4 MB  46.1.0 0f6c6ca6 WEX-WEI


USER: GAMS Demo, for EULA and demo limitations see   G240131/0001CB-GEN
      https://www.gams.com/latest/docs/UG%5FLicense.html         DC0000


**** FILE SUMMARY

Input      E:\Courses\Adv.Process\project\upload\GAMS code\Config_A\Approach 1\confing_A_app1.gms
Output     E:\Courses\Adv.Process\project\upload\GAMS code\Config_A\Approach 1\confing_A_app1.lst
